// Jest Snapshot v1, https://goo.gl/fbAQLP

exports[`Probando el componente AddCategories Debe mostrarse correctamente <AddCategories/> 1`] = `
<form
  onSubmit={[Function]}
>
  <input
    onChange={[Function]}
    placeholder="Buscar..."
    type="text"
    value=""
  />
</form>
`;
