// Jest Snapshot v1, https://goo.gl/fbAQLP

exports[`Probando el componente <GifGrid/> Debe mostrar correctamente <GifGrid/> 1`] = `
<div>
  <h3>
    Hola mundo
  </h3>
  <p>
    Loading. . .
  </p>
  <div
    className="container__cards"
  />
</div>
`;
